11:30:06 **** Incremental Build of configuration Debug for project UARTCARTE--pc ****
make -j16 all 
arm-none-eabi-gcc "../Core/Src/main.c" -mcpu=cortex-m4 -std=gnu11 -g3 -DDEBUG -DUSE_HAL_DRIVER -DSTM32F401xE -c -I../Core/Inc -I../Drivers/STM32F4xx_HAL_Driver/Inc -I../Drivers/STM32F4xx_HAL_Driver/Inc/Legacy -I../Drivers/CMSIS/Device/ST/STM32F4xx/Include -I../Drivers/CMSIS/Include -O0 -ffunction-sections -fdata-sections -Wall -fstack-usage -fcyclomatic-complexity -MMD -MP -MF"Core/Src/main.d" -MT"Core/Src/main.o" --specs=nano.specs -mfpu=fpv4-sp-d16 -mfloat-abi=hard -mthumb -o "Core/Src/main.o"
arm-none-eabi-gcc -o "UARTCARTE--pc.elf" @"objects.list"   -mcpu=cortex-m4 -T"C:\Users\MSI\STM32CubeIDE\workspace_1.14.1\UARTCARTE--pc\STM32F401RETX_FLASH.ld" --specs=nosys.specs -Wl,-Map="UARTCARTE--pc.map" -Wl,--gc-sections -static --specs=nano.specs -mfpu=fpv4-sp-d16 -mfloat-abi=hard -mthumb -Wl,--start-group -lc -lm -Wl,--end-group
Finished building target: UARTCARTE--pc.elf
 
arm-none-eabi-size  UARTCARTE--pc.elf 
arm-none-eabi-objdump -h -S UARTCARTE--pc.elf  > "UARTCARTE--pc.list"
   text	   data	    bss	    dec	    hex	filename
   8100	     40	   1640	   9780	   2634	UARTCARTE--pc.elf
Finished building: default.size.stdout
 
Finished building: UARTCARTE--pc.list
 

11:30:06 Build Finished. 0 errors, 0 warnings. (took 626ms)

